[36m2026-05-11 23:07:54.959 DEBUG (MainThread) [homeassistant.loader] Importing platforms for network executor=['system_health'] loop=[] took 0.64s[0m
[36m2026-05-11 23:07:54.959 DEBUG (MainThread) [homeassistant.loader] Importing platforms for sensor executor=['device_trigger'] loop=[] took 0.40s[0m
[36m2026-05-11 23:07:54.964 DEBUG (MainThread) [homeassistant.setup] Phase config_entry_setup for mqtt (5fe3dc81fdb301e32f84a0a7d5453f76) took 0.11s (elapsed=4.75s) (wait_time=4.64s)[0m
[36m2026-05-11 23:07:54.973 DEBUG (MainThread) [homeassistant.setup] Phase config_entry_setup for esphome (01JW3G1RYR2MXVMGHSFYFXYG5Y) took 0.06s (elapsed=0.94s) (wait_time=0.88s)[0m
[36m2026-05-11 23:07:55.014 DEBUG (MainThread) [homeassistant.setup] Phase config_entry_setup for esphome (01JGKQ4QADTAEMRSB1A5RB3EMT) took 0.10s (elapsed=0.98s) (wait_time=0.89s)[0m
[31m2026-05-11 23:07:55.015 ERROR (MainThread) [homeassistant.components.sensor] Error while setting up kyivvodokanal_cabinet platform for sensor: name 'DOMAIN' is not defined
Traceback (most recent call last):
  File "/usr/src/homeassistant/homeassistant/helpers/entity_platform.py", line 455, in _async_setup_platform
    await asyncio.shield(awaitable)
  File "/config/custom_components/kyivvodokanal_cabinet/sensor.py", line 211, in async_setup_entry
    coordinator: KyivvodokanalDataUpdateCoordinator = hass.data[DOMAIN][config_entry.entry_id]
                                                                ^^^^^^
NameError: name 'DOMAIN' is not defined[0m
[36m2026-05-11 23:07:55.017 DEBUG (MainThread) [custom_components.kyivvodokanal_cabinet] Finished setting up Kyivvodokanal Cabinet integration for entry ID 01KRBQ66JV3DG4R76VGWNXA0ES[0m
[36m2026-05-11 23:07:55.017 DEBUG (MainThread) [homeassistant.setup] Phase config_entry_setup for kyivvodokanal_cabinet (01KRBQ66JV3DG4R76VGWNXA0ES) took 0.54s (elapsed=1.33s) (wait_time=0.78s)[0m
[36m2026-05-11 23:07:55.076 DEBUG (MainThread) [homeassistant.loader] Component powercalc import took 0.374 seconds (loaded_executor=True)[0m
[32m2026-05-11 23:07:55.076 INFO (MainThread) [homeassistant.setup] Setting up powercalc[0m
[36m2026-05-11 23:07:55.085 DEBUG (MainThread) [homeassistant.loader] Importing platforms for fan executor=['device_condition'] loop=[] took 0.12s[0m
[36m2026-05-11 23:07:55.310 DEBUG (MainThread) [homeassistant.loader] Component bambu_lab import took 0.345 seconds (loaded_executor=True)[0m
[32m2026-05-11 23:07:55.310 INFO (MainThread) [homeassistant.setup] Setting up bambu_lab[0m
[32m2026-05-11 23:07:55.311 INFO (MainThread) [homeassistant.setup] Setup of domain bambu_lab took 0.00 seconds[0m
[36m2026-05-11 23:07:55.327 DEBUG (MainThread) [homeassistant.loader] Importing platforms for powercalc executor=[] loop=['select'] took 0.00s[0m
[32m2026-05-11 23:07:55.327 INFO (MainThread) [homeassistant.setup] Setup of domain powercalc took 0.25 seconds[0m
[36m2026-05-11 23:07:55.327 DEBUG (MainThread) [homeassistant.loader] Importing platforms for powercalc executor=[] loop=[<EntityPlatforms.SENSOR: 'sensor'>] took 0.00s[0m
[36m2026-05-11 23:07:55.327 DEBUG (MainThread) [homeassistant.setup] Adding wait for wait_import_platforms for powercalc (bc6016bc2f7933780ff9fa508ee3a48e) of 0.00[0m
[36m2026-05-11 23:07:55.342 DEBUG (MainThread) [homeassistant.setup] Phase config_entry_setup for powercalc (bc6016bc2f7933780ff9fa508ee3a48e) took 0.01s (elapsed=0.01s) (wait_time=0.00s)[0m
[36m2026-05-11 23:07:55.343 DEBUG (MainThread) [homeassistant.setup] Phase config_entry_setup for powercalc (bba7464bcdbe666bce4b24ce4f5d877e) took 0.02s (elapsed=0.02s) (wait_time=0.00s)[0m
[36m2026-05-11 23:07:55.345 DEBUG (MainThread) [homeassistant.setup] Phase config_entry_setup for powercalc (308a76c5cac411959ecd29648992438f) took 0.02s (elapsed=0.02s) (wait_time=0.00s)[0m
[36m2026-05-11 23:07:55.347 DEBUG (MainThread) [homeassistant.setup] Phase config_entry_setup for powercalc (8f63c4220f6e0e3d93580dea2ab0408d) took 0.02s (elapsed=0.02s) (wait_time=0.00s)[0m
[36m2026-05-11 23:07:55.349 DEBUG (MainThread) [homeassistant.setup] Phase config_entry_setup for powercalc (26a15fb0857e2cd7a92048bbd10f7383) took 0.02s (elapsed=0.02s) (wait_time=0.00s)[0m
[36m2026-05-11 23:07:55.350 DEBUG (MainThread) [homeassistant.setup] Phase config_entry_setup for powercalc (a92337e89dcbb9b38705d1214945edb2) took 0.02s (elapsed=0.02s) (wait_time=0.00s)[0m
[36m2026-05-11 23:07:55.371 DEBUG (MainThread) [homeassistant.setup] Phase config_entry_setup for powercalc (c5beda1459dbdb1e7b5d5ea21ca13db0) took 0.04s (elapsed=0.04s) (wait_time=0.00s)[0m
[36m2026-05-11 23:07:55.371 DEBUG (MainThread) [homeassistant.setup] Phase config_entry_setup for powercalc (1bd97aebb3a6ccf38216cf600ba4bcad) took 0.04s (elapsed=0.04s) (wait_time=0.00s)[0m
[36m2026-05-11 23:07:55.372 DEBUG (MainThread) [homeassistant.setup] Phase config_entry_setup for powercalc (c1685ee4036d7a3701863533ad116c1c) took 0.04s (elapsed=0.04s) (wait_time=0.00s)[0m
[36m2026-05-11 23:07:55.373 DEBUG (MainThread) [homeassistant.setup] Phase platform_setup for powercalc (139651624457280) took 0.00s (elapsed=0.00s) (wait_time=0.00s)[0m
[36m2026-05-11 23:07:55.430 DEBUG (MainThread) [homeassistant.loader] Component openhasp import took 0.465 seconds (loaded_executor=True)[0m
[32m2026-05-11 23:07:55.449 INFO (MainThread) [homeassistant.setup] Setting up openhasp[0m
[32m2026-05-11 23:07:55.452 INFO (MainThread) [homeassistant.setup] Setup of domain openhasp took 0.00 seconds[0m
[36m2026-05-11 23:07:55.639 DEBUG (MainThread) [homeassistant.loader] Component frigate import took 0.673 seconds (loaded_executor=True)[0m
[32m2026-05-11 23:07:55.639 INFO (MainThread) [homeassistant.setup] Setting up frigate[0m
[32m2026-05-11 23:07:55.644 INFO (MainThread) [homeassistant.setup] Setup of domain frigate took 0.00 seconds[0m
[36m2026-05-11 23:07:55.651 DEBUG (MainThread) [homeassistant.loader] Component awtrix import took 0.685 seconds (loaded_executor=True)[0m
[32m2026-05-11 23:07:55.651 INFO (MainThread) [homeassistant.setup] Setting up awtrix[0m
[32m2026-05-11 23:07:55.651 INFO (MainThread) [homeassistant.setup] Setup of domain awtrix took 0.00 seconds[0m
[36m2026-05-11 23:07:55.651 DEBUG (MainThread) [homeassistant.setup] Phase config_entry_setup for awtrix (01JRSSMZACC47SBN11MYHAWP09) took 0.00s (elapsed=0.00s) (wait_time=0.00s)[0m
[36m2026-05-11 23:07:55.655 DEBUG (MainThread) [homeassistant.setup] Phase config_entry_setup for better_thermostat (691673251b2072176f8cc1d37dde37b6) took 1.75s (elapsed=5.35s) (wait_time=3.59s)[0m
[36m2026-05-11 23:07:55.655 DEBUG (MainThread) [homeassistant.setup] Phase config_entry_setup for better_thermostat (01K9M4ZMZHPJPGEK6NPF5Q6G0K) took 1.75s (elapsed=5.35s) (wait_time=3.59s)[0m
[36m2026-05-11 23:07:55.655 DEBUG (MainThread) [homeassistant.setup] Phase config_entry_setup for better_thermostat (01KANHE74F1QRBWNPPJXBSEXT3) took 1.75s (elapsed=5.35s) (wait_time=3.59s)[0m
[36m2026-05-11 23:07:55.655 DEBUG (MainThread) [homeassistant.loader] Importing platforms for sensor executor=['device_condition'] loop=[] took 0.57s[0m
[36m2026-05-11 23:07:55.658 DEBUG (MainThread) [homeassistant.loader] Importing platforms for cpuspeed executor=[<EntityPlatforms.SENSOR: 'sensor'>] loop=[] took 0.49s[0m
[36m2026-05-11 23:07:55.658 DEBUG (MainThread) [homeassistant.setup] Adding wait for wait_import_platforms for cpuspeed (735a3f930b48bb24f3ea3dcbc845a30d) of 0.49[0m
[36m2026-05-11 23:07:55.704 DEBUG (MainThread) [homeassistant.loader] Importing platforms for bambu_lab executor=[<EntityPlatforms.BINARY_SENSOR: 'binary_sensor'>, <EntityPlatforms.BUTTON: 'button'>, <EntityPlatforms.CAMERA: 'camera'>, <EntityPlatforms.FAN: 'fan'>, <EntityPlatforms.IMAGE: 'image'>, <EntityPlatforms.LIGHT: 'light'>, <EntityPlatforms.NUMBER: 'number'>, <EntityPlatforms.SELECT: 'select'>, <EntityPlatforms.SENSOR: 'sensor'>, <EntityPlatforms.SWITCH: 'switch'>, <EntityPlatforms.UPDATE: 'update'>] loop=[] took 0.39s[0m
[36m2026-05-11 23:07:55.704 DEBUG (MainThread) [homeassistant.setup] Adding wait for wait_import_platforms for bambu_lab (01JEYBTYKY6F1H13N88ST4G8C2) of 0.39[0m
[36m2026-05-11 23:07:55.705 DEBUG (MainThread) [homeassistant.loader] Importing platforms for webostv executor=[<EntityPlatforms.MEDIA_PLAYER: 'media_player'>] loop=[] took 0.31s[0m
[36m2026-05-11 23:07:55.705 DEBUG (MainThread) [homeassistant.setup] Adding wait for wait_import_platforms for webostv (29188c2cee1dc3c7c8221ce33808953d) of 0.31[0m
[36m2026-05-11 23:07:55.706 DEBUG (MainThread) [homeassistant.setup] Adding wait for wait_import_platforms for bambu_lab (01JFTQ3E0KHMMVN6KAVMZXP1KJ) of 0.39[0m
[36m2026-05-11 23:07:55.706 DEBUG (MainThread) [homeassistant.setup] Adding wait for wait_import_platforms for bambu_lab (01JRJK2R67PR3332E29ESE9DEZ) of 0.38[0m
[36m2026-05-11 23:07:55.710 DEBUG (MainThread) [homeassistant.loader] Importing platforms for openhasp executor=['light', 'switch', 'binary_sensor', 'number', 'button'] loop=[] took 0.08s[0m
[36m2026-05-11 23:07:55.710 DEBUG (MainThread) [homeassistant.setup] Adding wait for wait_import_platforms for openhasp (01KC3ZK29HZMG8HT2GJ2RRVHS5) of 0.08[0m
[36m2026-05-11 23:07:55.715 DEBUG (MainThread) [homeassistant.loader] Importing platforms for fan executor=['device_action'] loop=[] took 0.06s[0m
[36m2026-05-11 23:07:55.725 DEBUG (MainThread) [homeassistant.setup] Phase config_entry_setup for bambu_lab (01JEYBTYKY6F1H13N88ST4G8C2) took 0.03s (elapsed=0.41s) (wait_time=0.39s)[0m
[36m2026-05-11 23:07:55.726 DEBUG (MainThread) [homeassistant.setup] Phase config_entry_setup for webostv (29188c2cee1dc3c7c8221ce33808953d) took 2.03s (elapsed=2.34s) (wait_time=0.31s)[0m
[36m2026-05-11 23:07:55.738 DEBUG (MainThread) [homeassistant.setup] Phase config_entry_setup for bambu_lab (01JFTQ3E0KHMMVN6KAVMZXP1KJ) took 0.04s (elapsed=0.42s) (wait_time=0.39s)[0m
[36m2026-05-11 23:07:55.738 DEBUG (MainThread) [homeassistant.setup] Phase config_entry_setup for bambu_lab (01JRJK2R67PR3332E29ESE9DEZ) took 0.04s (elapsed=0.42s) (wait_time=0.38s)[0m
[36m2026-05-11 23:07:55.766 DEBUG (MainThread) [homeassistant.loader] Importing platforms for frigate executor=['sensor', 'camera', 'image', 'number', 'select', 'switch', 'binary_sensor', 'update'] loop=[] took 0.09s[0m
[36m2026-05-11 23:07:55.766 DEBUG (MainThread) [homeassistant.setup] Adding wait for wait_import_platforms for frigate (01J9TPB3H78AZ1M2F8EK7PAZTF) of 0.09[0m
[36m2026-05-11 23:07:55.767 DEBUG (MainThread) [homeassistant.loader] Importing platforms for binary_sensor executor=['device_trigger'] loop=[] took 0.05s[0m
[36m2026-05-11 23:07:55.770 DEBUG (MainThread) [homeassistant.loader] Importing platforms for webostv executor=['notify'] loop=[] took 0.04s[0m
[36m2026-05-11 23:07:55.774 DEBUG (MainThread) [homeassistant.setup] Phase config_entry_setup for openhasp (01KC3ZK29HZMG8HT2GJ2RRVHS5) took 0.24s (elapsed=0.32s) (wait_time=0.08s)[0m
[36m2026-05-11 23:07:55.790 DEBUG (MainThread) [homeassistant.loader] Importing platforms for switch executor=['device_condition'] loop=[] took 0.02s[0m
[36m2026-05-11 23:07:55.795 DEBUG (MainThread) [homeassistant.setup] Phase platform_setup for webostv (139651612930048) took 0.02s (elapsed=0.02s) (wait_time=0.00s)[0m
[36m2026-05-11 23:07:55.799 DEBUG (MainThread) [homeassistant.loader] Importing platforms for binary_sensor executor=['device_condition'] loop=[] took 0.01s[0m
[36m2026-05-11 23:07:55.813 DEBUG (MainThread) [homeassistant.loader] Importing platforms for humidifier executor=['device_condition'] loop=[] took 0.01s[0m
[36m2026-05-11 23:07:55.838 DEBUG (MainThread) [homeassistant.setup] Phase config_entry_setup for frigate (01J9TPB3H78AZ1M2F8EK7PAZTF) took 0.11s (elapsed=0.19s) (wait_time=0.09s)[0m
[36m2026-05-11 23:07:55.851 DEBUG (MainThread) [homeassistant.loader] Importing platforms for switch executor=['device_action'] loop=[] took 0.02s[0m
[36m2026-05-11 23:07:55.914 DEBUG (MainThread) [homeassistant.loader] Importing platforms for mqtt executor=['device_trigger'] loop=[] took 0.01s[0m
[36m2026-05-11 23:07:55.931 DEBUG (MainThread) [homeassistant.loader] Importing platforms for light executor=['device_action'] loop=[] took 0.02s[0m
[32m2026-05-11 23:07:55.994 INFO (MainThread) [homeassistant.setup] Setting up automation[0m
[32m2026-05-11 23:07:56.004 INFO (MainThread) [homeassistant.setup] Setup of domain automation took 0.01 seconds[0m
[36m2026-05-11 23:07:56.011 DEBUG (MainThread) [homeassistant.loader] Importing platforms for automation executor=['logbook'] loop=[] took 0.01s[0m
[36m2026-05-11 23:07:57.120 DEBUG (MainThread) [homeassistant.setup] Phase config_entry_setup for cpuspeed (735a3f930b48bb24f3ea3dcbc845a30d) took 2.93s (elapsed=3.42s) (wait_time=0.49s)[0m
[31m2026-05-11 23:07:57.692 ERROR (MainThread) [homeassistant.helpers.event] Error while processing template: Template<template=({{ states('sensor.klimat_temperatura_v_kvartiri') | float | round(1) }}) renders=2>
Traceback (most recent call last):
  File "/usr/src/homeassistant/homeassistant/helpers/template/extensions/type_cast.py", line 65, in forgiving_float
    return float(value)
ValueError: could not convert string to float: 'unknown'

During handling of the above exception, another exception occurred:

Traceback (most recent call last):
  File "/usr/src/homeassistant/homeassistant/helpers/template/__init__.py", line 358, in async_render
    render_result = render_with_context(self.template, compiled, **kwargs)
  File "/usr/src/homeassistant/homeassistant/helpers/template/context.py", line 45, in render_with_context
    return template.render(**kwargs)
           ~~~~~~~~~~~~~~~^^^^^^^^^^
  File "/usr/local/lib/python3.14/site-packages/jinja2/environment.py", line 1295, in render
    self.environment.handle_exception()
    ~~~~~~~~~~~~~~~~~~~~~~~~~~~~~~~~~^^
  File "/usr/local/lib/python3.14/site-packages/jinja2/environment.py", line 942, in handle_exception
    raise rewrite_traceback_stack(source=source)
  File "<template>", line 1, in top-level template code
  File "/usr/src/homeassistant/homeassistant/helpers/template/extensions/type_cast.py", line 68, in forgiving_float
    raise_no_default("float", value)
    ~~~~~~~~~~~~~~~~^^^^^^^^^^^^^^^^
  File "/usr/src/homeassistant/homeassistant/helpers/template/helpers.py", line 27, in raise_no_default
    raise ValueError(
    ...<2 lines>...
    )
ValueError: Template error: float got invalid input 'unknown' when rendering template '{{ states('sensor.klimat_temperatura_v_kvartiri') | float | round(1) }}' but no default was specified

The above exception was the direct cause of the following exception:

Traceback (most recent call last):
  File "/usr/src/homeassistant/homeassistant/helpers/template/__init__.py", line 476, in async_render_to_info
    render_info._result = self.async_render(  # noqa: SLF001
                          ~~~~~~~~~~~~~~~~~^^^^^^^^^^^^^^^^^
        variables, strict=strict, log_fn=log_fn, **kwargs
        ^^^^^^^^^^^^^^^^^^^^^^^^^^^^^^^^^^^^^^^^^^^^^^^^^
    )
    ^
  File "/usr/src/homeassistant/homeassistant/helpers/template/__init__.py", line 360, in async_render
    raise TemplateError(err) from err
homeassistant.exceptions.TemplateError: ValueError: Template error: float got invalid input 'unknown' when rendering template '{{ states('sensor.klimat_temperatura_v_kvartiri') | float | round(1) }}' but no default was specified[0m
[31m2026-05-11 23:07:57.696 ERROR (MainThread) [custom_components.openhasp] TemplateError('ValueError: Template error: float got invalid input 'unknown' when rendering template '{{ states('sensor.klimat_temperatura_v_kvartiri') | float | round(1) }}' but no default was specified') while processing template 'Template<template=({{ states('sensor.klimat_temperatura_v_kvartiri') | float | round(1) }}) renders=4>' in entity 'None'[0m
[31m2026-05-11 23:07:57.696 ERROR (MainThread) [homeassistant.helpers.event] Error while processing template: Template<template=({{ "#2196F3" if (states('sensor.klimat_temperatura_v_kvartiri')|float < 18) 
    else "#4CAF50" if (states('sensor.klimat_temperatura_v_kvartiri')|float <= 24) 
    else "#FF9800" if (states('sensor.klimat_temperatura_v_kvartiri')|float <= 27)
    else "#F44336" }}) renders=2>
Traceback (most recent call last):
  File "/usr/src/homeassistant/homeassistant/helpers/template/extensions/type_cast.py", line 65, in forgiving_float
    return float(value)
ValueError: could not convert string to float: 'unknown'

During handling of the above exception, another exception occurred:

Traceback (most recent call last):
  File "/usr/src/homeassistant/homeassistant/helpers/template/__init__.py", line 358, in async_render
    render_result = render_with_context(self.template, compiled, **kwargs)
  File "/usr/src/homeassistant/homeassistant/helpers/template/context.py", line 45, in render_with_context
    return template.render(**kwargs)
           ~~~~~~~~~~~~~~~^^^^^^^^^^
  File "/usr/local/lib/python3.14/site-packages/jinja2/environment.py", line 1295, in render
    self.environment.handle_exception()
    ~~~~~~~~~~~~~~~~~~~~~~~~~~~~~~~~~^^
  File "/usr/local/lib/python3.14/site-packages/jinja2/environment.py", line 942, in handle_exception
    raise rewrite_traceback_stack(source=source)
  File "<template>", line 1, in top-level template code
  File "/usr/src/homeassistant/homeassistant/helpers/template/extensions/type_cast.py", line 68, in forgiving_float
    raise_no_default("float", value)
    ~~~~~~~~~~~~~~~~^^^^^^^^^^^^^^^^
  File "/usr/src/homeassistant/homeassistant/helpers/template/helpers.py", line 27, in raise_no_default
    raise ValueError(
    ...<2 lines>...
    )
ValueError: Template error: float got invalid input 'unknown' when rendering template '{{ "#2196F3" if (states('sensor.klimat_temperatura_v_kvartiri')|float < 18) 
    else "#4CAF50" if (states('sensor.klimat_temperatura_v_kvartiri')|float <= 24) 
    else "#FF9800" if (states('sensor.klimat_temperatura_v_kvartiri')|float <= 27)
    else "#F44336" }}' but no default was specified

The above exception was the direct cause of the following exception:

Traceback (most recent call last):
  File "/usr/src/homeassistant/homeassistant/helpers/template/__init__.py", line 476, in async_render_to_info
    render_info._result = self.async_render(  # noqa: SLF001
                          ~~~~~~~~~~~~~~~~~^^^^^^^^^^^^^^^^^
        variables, strict=strict, log_fn=log_fn, **kwargs
        ^^^^^^^^^^^^^^^^^^^^^^^^^^^^^^^^^^^^^^^^^^^^^^^^^
    )
    ^
  File "/usr/src/homeassistant/homeassistant/helpers/template/__init__.py", line 360, in async_render
    raise TemplateError(err) from err
homeassistant.exceptions.TemplateError: ValueError: Template error: float got invalid input 'unknown' when rendering template '{{ "#2196F3" if (states('sensor.klimat_temperatura_v_kvartiri')|float < 18) 
    else "#4CAF50" if (states('sensor.klimat_temperatura_v_kvartiri')|float <= 24) 
    else "#FF9800" if (states('sensor.klimat_temperatura_v_kvartiri')|float <= 27)
    else "#F44336" }}' but no default was specified[0m
[31m2026-05-11 23:07:57.699 ERROR (MainThread) [custom_components.openhasp] TemplateError('ValueError: Template error: float got invalid input 'unknown' when rendering template '{{ "#2196F3" if (states('sensor.klimat_temperatura_v_kvartiri')|float < 18) 
    else "#4CAF50" if (states('sensor.klimat_temperatura_v_kvartiri')|float <= 24) 
    else "#FF9800" if (states('sensor.klimat_temperatura_v_kvartiri')|float <= 27)
    else "#F44336" }}' but no default was specified') while processing template 'Template<template=({{ "#2196F3" if (states('sensor.klimat_temperatura_v_kvartiri')|float < 18) 
    else "#4CAF50" if (states('sensor.klimat_temperatura_v_kvartiri')|float <= 24) 
    else "#FF9800" if (states('sensor.klimat_temperatura_v_kvartiri')|float <= 27)
    else "#F44336" }}) renders=4>' in entity 'None'[0m
[31m2026-05-11 23:07:57.699 ERROR (MainThread) [homeassistant.helpers.event] Error while processing template: Template<template=({{ states('sensor.klimat_vologist_v_kvartiri') | float | round(1) }}) renders=2>
Traceback (most recent call last):
  File "/usr/src/homeassistant/homeassistant/helpers/template/extensions/type_cast.py", line 65, in forgiving_float
    return float(value)
ValueError: could not convert string to float: 'unknown'

During handling of the above exception, another exception occurred:

Traceback (most recent call last):
  File "/usr/src/homeassistant/homeassistant/helpers/template/__init__.py", line 358, in async_render
    render_result = render_with_context(self.template, compiled, **kwargs)
  File "/usr/src/homeassistant/homeassistant/helpers/template/context.py", line 45, in render_with_context
    return template.render(**kwargs)
           ~~~~~~~~~~~~~~~^^^^^^^^^^
  File "/usr/local/lib/python3.14/site-packages/jinja2/environment.py", line 1295, in render
    self.environment.handle_exception()
    ~~~~~~~~~~~~~~~~~~~~~~~~~~~~~~~~~^^
  File "/usr/local/lib/python3.14/site-packages/jinja2/environment.py", line 942, in handle_exception
    raise rewrite_traceback_stack(source=source)
  File "<template>", line 1, in top-level template code
  File "/usr/src/homeassistant/homeassistant/helpers/template/extensions/type_cast.py", line 68, in forgiving_float
    raise_no_default("float", value)
    ~~~~~~~~~~~~~~~~^^^^^^^^^^^^^^^^
  File "/usr/src/homeassistant/homeassistant/helpers/template/helpers.py", line 27, in raise_no_default
    raise ValueError(
    ...<2 lines>...
    )
ValueError: Template error: float got invalid input 'unknown' when rendering template '{{ states('sensor.klimat_vologist_v_kvartiri') | float | round(1) }}' but no default was specified

The above exception was the direct cause of the following exception:

Traceback (most recent call last):
  File "/usr/src/homeassistant/homeassistant/helpers/template/__init__.py", line 476, in async_render_to_info
    render_info._result = self.async_render(  # noqa: SLF001
                          ~~~~~~~~~~~~~~~~~^^^^^^^^^^^^^^^^^
        variables, strict=strict, log_fn=log_fn, **kwargs
        ^^^^^^^^^^^^^^^^^^^^^^^^^^^^^^^^^^^^^^^^^^^^^^^^^
    )
    ^
  File "/usr/src/homeassistant/homeassistant/helpers/template/__init__.py", line 360, in async_render
    raise TemplateError(err) from err
homeassistant.exceptions.TemplateError: ValueError: Template error: float got invalid input 'unknown' when rendering template '{{ states('sensor.klimat_vologist_v_kvartiri') | float | round(1) }}' but no default was specified[0m
[31m2026-05-11 23:07:57.702 ERROR (MainThread) [custom_components.openhasp] TemplateError('ValueError: Template error: float got invalid input 'unknown' when rendering template '{{ states('sensor.klimat_vologist_v_kvartiri') | float | round(1) }}' but no default was specified') while processing template 'Template<template=({{ states('sensor.klimat_vologist_v_kvartiri') | float | round(1) }}) renders=4>' in entity 'None'[0m
[31m2026-05-11 23:07:57.702 ERROR (MainThread) [homeassistant.helpers.event] Error while processing template: Template<template=({{ "#2196F3" if (states('sensor.klimat_vologist_v_kvartiri')|int < 30) 
    else "#4CAF50" if (states('sensor.klimat_vologist_v_kvartiri')|int <= 60) 
    else "#FF9800" if (states('sensor.klimat_vologist_v_kvartiri')|int <= 70) 
    else "#F44336" }}) renders=2>
Traceback (most recent call last):
  File "/usr/src/homeassistant/homeassistant/helpers/template/__init__.py", line 358, in async_render
    render_result = render_with_context(self.template, compiled, **kwargs)
  File "/usr/src/homeassistant/homeassistant/helpers/template/context.py", line 45, in render_with_context
    return template.render(**kwargs)
           ~~~~~~~~~~~~~~~^^^^^^^^^^
  File "/usr/local/lib/python3.14/site-packages/jinja2/environment.py", line 1295, in render
    self.environment.handle_exception()
    ~~~~~~~~~~~~~~~~~~~~~~~~~~~~~~~~~^^
  File "/usr/local/lib/python3.14/site-packages/jinja2/environment.py", line 942, in handle_exception
    raise rewrite_traceback_stack(source=source)
  File "<template>", line 1, in top-level template code
  File "/usr/src/homeassistant/homeassistant/helpers/template/extensions/type_cast.py", line 76, in forgiving_int
    raise_no_default("int", value)
    ~~~~~~~~~~~~~~~~^^^^^^^^^^^^^^
  File "/usr/src/homeassistant/homeassistant/helpers/template/helpers.py", line 27, in raise_no_default
    raise ValueError(
    ...<2 lines>...
    )
ValueError: Template error: int got invalid input 'unknown' when rendering template '{{ "#2196F3" if (states('sensor.klimat_vologist_v_kvartiri')|int < 30) 
    else "#4CAF50" if (states('sensor.klimat_vologist_v_kvartiri')|int <= 60) 
    else "#FF9800" if (states('sensor.klimat_vologist_v_kvartiri')|int <= 70) 
    else "#F44336" }}' but no default was specified

The above exception was the direct cause of the following exception:

Traceback (most recent call last):
  File "/usr/src/homeassistant/homeassistant/helpers/template/__init__.py", line 476, in async_render_to_info
    render_info._result = self.async_render(  # noqa: SLF001
                          ~~~~~~~~~~~~~~~~~^^^^^^^^^^^^^^^^^
        variables, strict=strict, log_fn=log_fn, **kwargs
        ^^^^^^^^^^^^^^^^^^^^^^^^^^^^^^^^^^^^^^^^^^^^^^^^^
    )
    ^
  File "/usr/src/homeassistant/homeassistant/helpers/template/__init__.py", line 360, in async_render
    raise TemplateError(err) from err
homeassistant.exceptions.TemplateError: ValueError: Template error: int got invalid input 'unknown' when rendering template '{{ "#2196F3" if (states('sensor.klimat_vologist_v_kvartiri')|int < 30) 
    else "#4CAF50" if (states('sensor.klimat_vologist_v_kvartiri')|int <= 60) 
    else "#FF9800" if (states('sensor.klimat_vologist_v_kvartiri')|int <= 70) 
    else "#F44336" }}' but no default was specified[0m
[31m2026-05-11 23:07:57.704 ERROR (MainThread) [custom_components.openhasp] TemplateError('ValueError: Template error: int got invalid input 'unknown' when rendering template '{{ "#2196F3" if (states('sensor.klimat_vologist_v_kvartiri')|int < 30) 
    else "#4CAF50" if (states('sensor.klimat_vologist_v_kvartiri')|int <= 60) 
    else "#FF9800" if (states('sensor.klimat_vologist_v_kvartiri')|int <= 70) 
    else "#F44336" }}' but no default was specified') while processing template 'Template<template=({{ "#2196F3" if (states('sensor.klimat_vologist_v_kvartiri')|int < 30) 
    else "#4CAF50" if (states('sensor.klimat_vologist_v_kvartiri')|int <= 60) 
    else "#FF9800" if (states('sensor.klimat_vologist_v_kvartiri')|int <= 70) 
    else "#F44336" }}) renders=4>' in entity 'None'[0m
[36m2026-05-11 23:08:09.133 DEBUG (MainThread) [homeassistant.setup] Phase config_entry_setup for wyoming (01JZG1AQ032B2KS3ET85ETERKR) took 15.40s (elapsed=15.40s) (wait_time=0.00s)[0m
[36m2026-05-11 23:08:09.134 DEBUG (MainThread) [homeassistant.setup] Phase config_entry_setup for wyoming (01JZG1CWRGA6J1JFFPSSQRD5CB) took 15.40s (elapsed=15.40s) (wait_time=0.00s)[0m
[36m2026-05-11 23:08:09.134 DEBUG (MainThread) [homeassistant.setup] Phase config_entry_setup for wyoming (01JN3V14Z577HT1EV61R6GSYWB) took 15.40s (elapsed=15.40s) (wait_time=0.00s)[0m
[31m2026-05-11 23:08:09.182 ERROR (MainThread) [homeassistant.helpers.event] Error while processing template: Template<template=({% if states('sensor.ha_battery_current')|float > 0.0 %}
  Discharging
{% elif states('sensor.ha_battery_current')|float < 0 %}
  Charging
{% else %}
  Standbay
{% endif %}) renders=2>
Traceback (most recent call last):
  File "/usr/src/homeassistant/homeassistant/helpers/template/extensions/type_cast.py", line 65, in forgiving_float
    return float(value)
ValueError: could not convert string to float: 'unknown'

During handling of the above exception, another exception occurred:

Traceback (most recent call last):
  File "/usr/src/homeassistant/homeassistant/helpers/template/__init__.py", line 358, in async_render
    render_result = render_with_context(self.template, compiled, **kwargs)
  File "/usr/src/homeassistant/homeassistant/helpers/template/context.py", line 45, in render_with_context
    return template.render(**kwargs)
           ~~~~~~~~~~~~~~~^^^^^^^^^^
  File "/usr/local/lib/python3.14/site-packages/jinja2/environment.py", line 1295, in render
    self.environment.handle_exception()
    ~~~~~~~~~~~~~~~~~~~~~~~~~~~~~~~~~^^
  File "/usr/local/lib/python3.14/site-packages/jinja2/environment.py", line 942, in handle_exception
    raise rewrite_traceback_stack(source=source)
  File "<template>", line 1, in top-level template code
  File "/usr/src/homeassistant/homeassistant/helpers/template/extensions/type_cast.py", line 68, in forgiving_float
    raise_no_default("float", value)
    ~~~~~~~~~~~~~~~~^^^^^^^^^^^^^^^^
  File "/usr/src/homeassistant/homeassistant/helpers/template/helpers.py", line 27, in raise_no_default
    raise ValueError(
    ...<2 lines>...
    )
ValueError: Template error: float got invalid input 'unknown' when rendering template '{% if states('sensor.ha_battery_current')|float > 0.0 %}
  Discharging
{% elif states('sensor.ha_battery_current')|float < 0 %}
  Charging
{% else %}
  Standbay
{% endif %}' but no default was specified

The above exception was the direct cause of the following exception:

Traceback (most recent call last):
  File "/usr/src/homeassistant/homeassistant/helpers/template/__init__.py", line 476, in async_render_to_info
    render_info._result = self.async_render(  # noqa: SLF001
                          ~~~~~~~~~~~~~~~~~^^^^^^^^^^^^^^^^^
        variables, strict=strict, log_fn=log_fn, **kwargs
        ^^^^^^^^^^^^^^^^^^^^^^^^^^^^^^^^^^^^^^^^^^^^^^^^^
    )
    ^
  File "/usr/src/homeassistant/homeassistant/helpers/template/__init__.py", line 360, in async_render
    raise TemplateError(err) from err
homeassistant.exceptions.TemplateError: ValueError: Template error: float got invalid input 'unknown' when rendering template '{% if states('sensor.ha_battery_current')|float > 0.0 %}
  Discharging
{% elif states('sensor.ha_battery_current')|float < 0 %}
  Charging
{% else %}
  Standbay
{% endif %}' but no default was specified[0m
[31m2026-05-11 23:08:09.186 ERROR (MainThread) [homeassistant.components.template.template_entity] TemplateError('ValueError: Template error: float got invalid input 'unknown' when rendering template '{% if states('sensor.ha_battery_current')|float > 0.0 %}
  Discharging
{% elif states('sensor.ha_battery_current')|float < 0 %}
  Charging
{% else %}
  Standbay
{% endif %}' but no default was specified') while processing template 'Template<template=({% if states('sensor.ha_battery_current')|float > 0.0 %}
  Discharging
{% elif states('sensor.ha_battery_current')|float < 0 %}
  Charging
{% else %}
  Standbay
{% endif %}) renders=4>' for attribute '_attr_native_value' in entity 'sensor.ha_battery_state'[0m
[31m2026-05-11 23:08:09.188 ERROR (MainThread) [homeassistant.helpers.event] Error while processing template: Template<template=({{(1008.36 + states('sensor.lichilnik_elektrika_energy') | float) | round(2) }}) renders=2>
Traceback (most recent call last):
  File "/usr/src/homeassistant/homeassistant/helpers/template/extensions/type_cast.py", line 65, in forgiving_float
    return float(value)
ValueError: could not convert string to float: 'unknown'

During handling of the above exception, another exception occurred:

Traceback (most recent call last):
  File "/usr/src/homeassistant/homeassistant/helpers/template/__init__.py", line 358, in async_render
    render_result = render_with_context(self.template, compiled, **kwargs)
  File "/usr/src/homeassistant/homeassistant/helpers/template/context.py", line 45, in render_with_context
    return template.render(**kwargs)
           ~~~~~~~~~~~~~~~^^^^^^^^^^
  File "/usr/local/lib/python3.14/site-packages/jinja2/environment.py", line 1295, in render
    self.environment.handle_exception()
    ~~~~~~~~~~~~~~~~~~~~~~~~~~~~~~~~~^^
  File "/usr/local/lib/python3.14/site-packages/jinja2/environment.py", line 942, in handle_exception
    raise rewrite_traceback_stack(source=source)
  File "<template>", line 1, in top-level template code
  File "/usr/src/homeassistant/homeassistant/helpers/template/extensions/type_cast.py", line 68, in forgiving_float
    raise_no_default("float", value)
    ~~~~~~~~~~~~~~~~^^^^^^^^^^^^^^^^
  File "/usr/src/homeassistant/homeassistant/helpers/template/helpers.py", line 27, in raise_no_default
    raise ValueError(
    ...<2 lines>...
    )
ValueError: Template error: float got invalid input 'unknown' when rendering template '{{(1008.36 + states('sensor.lichilnik_elektrika_energy') | float) | round(2) }}' but no default was specified

The above exception was the direct cause of the following exception:

Traceback (most recent call last):
  File "/usr/src/homeassistant/homeassistant/helpers/template/__init__.py", line 476, in async_render_to_info
    render_info._result = self.async_render(  # noqa: SLF001
                          ~~~~~~~~~~~~~~~~~^^^^^^^^^^^^^^^^^
        variables, strict=strict, log_fn=log_fn, **kwargs
        ^^^^^^^^^^^^^^^^^^^^^^^^^^^^^^^^^^^^^^^^^^^^^^^^^
    )
    ^
  File "/usr/src/homeassistant/homeassistant/helpers/template/__init__.py", line 360, in async_render
    raise TemplateError(err) from err
homeassistant.exceptions.TemplateError: ValueError: Template error: float got invalid input 'unknown' when rendering template '{{(1008.36 + states('sensor.lichilnik_elektrika_energy') | float) | round(2) }}' but no default was specified[0m
[31m2026-05-11 23:08:09.191 ERROR (MainThread) [homeassistant.components.template.template_entity] TemplateError('ValueError: Template error: float got invalid input 'unknown' when rendering template '{{(1008.36 + states('sensor.lichilnik_elektrika_energy') | float) | round(2) }}' but no default was specified') while processing template 'Template<template=({{(1008.36 + states('sensor.lichilnik_elektrika_energy') | float) | round(2) }}) renders=4>' for attribute '_attr_native_value' in entity 'sensor.elektroschetchik_total_energy'[0m
[31m2026-05-11 23:08:09.191 ERROR (MainThread) [homeassistant.helpers.event] Error while processing template: Template<template=({{((3489 + states('number.lichilnik_voda_l5') | int) / 100) | round(2)}}) renders=2>
Traceback (most recent call last):
  File "/usr/src/homeassistant/homeassistant/helpers/template/__init__.py", line 358, in async_render
    render_result = render_with_context(self.template, compiled, **kwargs)
  File "/usr/src/homeassistant/homeassistant/helpers/template/context.py", line 45, in render_with_context
    return template.render(**kwargs)
           ~~~~~~~~~~~~~~~^^^^^^^^^^
  File "/usr/local/lib/python3.14/site-packages/jinja2/environment.py", line 1295, in render
    self.environment.handle_exception()
    ~~~~~~~~~~~~~~~~~~~~~~~~~~~~~~~~~^^
  File "/usr/local/lib/python3.14/site-packages/jinja2/environment.py", line 942, in handle_exception
    raise rewrite_traceback_stack(source=source)
  File "<template>", line 1, in top-level template code
  File "/usr/src/homeassistant/homeassistant/helpers/template/extensions/type_cast.py", line 76, in forgiving_int
    raise_no_default("int", value)
    ~~~~~~~~~~~~~~~~^^^^^^^^^^^^^^
  File "/usr/src/homeassistant/homeassistant/helpers/template/helpers.py", line 27, in raise_no_default
    raise ValueError(
    ...<2 lines>...
    )
ValueError: Template error: int got invalid input 'unknown' when rendering template '{{((3489 + states('number.lichilnik_voda_l5') | int) / 100) | round(2)}}' but no default was specified

The above exception was the direct cause of the following exception:

Traceback (most recent call last):
  File "/usr/src/homeassistant/homeassistant/helpers/template/__init__.py", line 476, in async_render_to_info
    render_info._result = self.async_render(  # noqa: SLF001
                          ~~~~~~~~~~~~~~~~~^^^^^^^^^^^^^^^^^
        variables, strict=strict, log_fn=log_fn, **kwargs
        ^^^^^^^^^^^^^^^^^^^^^^^^^^^^^^^^^^^^^^^^^^^^^^^^^
    )
    ^
  File "/usr/src/homeassistant/homeassistant/helpers/template/__init__.py", line 360, in async_render
    raise TemplateError(err) from err
homeassistant.exceptions.TemplateError: ValueError: Template error: int got invalid input 'unknown' when rendering template '{{((3489 + states('number.lichilnik_voda_l5') | int) / 100) | round(2)}}' but no default was specified[0m
[31m2026-05-11 23:08:09.193 ERROR (MainThread) [homeassistant.components.template.template_entity] TemplateError('ValueError: Template error: int got invalid input 'unknown' when rendering template '{{((3489 + states('number.lichilnik_voda_l5') | int) / 100) | round(2)}}' but no default was specified') while processing template 'Template<template=({{((3489 + states('number.lichilnik_voda_l5') | int) / 100) | round(2)}}) renders=4>' for attribute '_attr_native_value' in entity 'sensor.hot_water_meter_2'[0m
[31m2026-05-11 23:08:09.193 ERROR (MainThread) [homeassistant.helpers.event] Error while processing template: Template<template=({{((14190 + states('number.lichilnik_voda_l3') | int) / 100) | round(2)}}) renders=2>
Traceback (most recent call last):
  File "/usr/src/homeassistant/homeassistant/helpers/template/__init__.py", line 358, in async_render
    render_result = render_with_context(self.template, compiled, **kwargs)
  File "/usr/src/homeassistant/homeassistant/helpers/template/context.py", line 45, in render_with_context
    return template.render(**kwargs)
           ~~~~~~~~~~~~~~~^^^^^^^^^^
  File "/usr/local/lib/python3.14/site-packages/jinja2/environment.py", line 1295, in render
    self.environment.handle_exception()
    ~~~~~~~~~~~~~~~~~~~~~~~~~~~~~~~~~^^
  File "/usr/local/lib/python3.14/site-packages/jinja2/environment.py", line 942, in handle_exception
    raise rewrite_traceback_stack(source=source)
  File "<template>", line 1, in top-level template code
  File "/usr/src/homeassistant/homeassistant/helpers/template/extensions/type_cast.py", line 76, in forgiving_int
    raise_no_default("int", value)
    ~~~~~~~~~~~~~~~~^^^^^^^^^^^^^^
  File "/usr/src/homeassistant/homeassistant/helpers/template/helpers.py", line 27, in raise_no_default
    raise ValueError(
    ...<2 lines>...
    )
ValueError: Template error: int got invalid input 'unknown' when rendering template '{{((14190 + states('number.lichilnik_voda_l3') | int) / 100) | round(2)}}' but no default was specified

The above exception was the direct cause of the following exception:

Traceback (most recent call last):
  File "/usr/src/homeassistant/homeassistant/helpers/template/__init__.py", line 476, in async_render_to_info
    render_info._result = self.async_render(  # noqa: SLF001
                          ~~~~~~~~~~~~~~~~~^^^^^^^^^^^^^^^^^
        variables, strict=strict, log_fn=log_fn, **kwargs
        ^^^^^^^^^^^^^^^^^^^^^^^^^^^^^^^^^^^^^^^^^^^^^^^^^
    )
    ^
  File "/usr/src/homeassistant/homeassistant/helpers/template/__init__.py", line 360, in async_render
    raise TemplateError(err) from err
homeassistant.exceptions.TemplateError: ValueError: Template error: int got invalid input 'unknown' when rendering template '{{((14190 + states('number.lichilnik_voda_l3') | int) / 100) | round(2)}}' but no default was specified[0m
[31m2026-05-11 23:08:09.196 ERROR (MainThread) [homeassistant.components.template.template_entity] TemplateError('ValueError: Template error: int got invalid input 'unknown' when rendering template '{{((14190 + states('number.lichilnik_voda_l3') | int) / 100) | round(2)}}' but no default was specified') while processing template 'Template<template=({{((14190 + states('number.lichilnik_voda_l3') | int) / 100) | round(2)}}) renders=4>' for attribute '_attr_native_value' in entity 'sensor.cold_water_meter_2'[0m
[32m2026-05-11 23:08:09.794 INFO (SyncWorker_3) [homeassistant.loader] Loaded octoprint from homeassistant.components.octoprint[0m
[32m2026-05-11 23:08:09.794 INFO (SyncWorker_7) [homeassistant.loader] Loaded homekit_controller from homeassistant.components.homekit_controller[0m
[32m2026-05-11 23:08:09.794 INFO (SyncWorker_0) [homeassistant.loader] Loaded yeelight from homeassistant.components.yeelight[0m
[36m2026-05-11 23:08:09.815 DEBUG (MainThread) [homeassistant.setup] Dependency homekit_controller will wait for dependencies dict_keys(['bluetooth_adapters'])[0m
[32m2026-05-11 23:08:09.825 INFO (SyncWorker_6) [homeassistant.loader] Loaded ibeacon from homeassistant.components.ibeacon[0m
[32m2026-05-11 23:08:09.826 INFO (SyncWorker_8) [homeassistant.loader] Loaded bluetooth_adapters from homeassistant.components.bluetooth_adapters[0m
[36m2026-05-11 23:08:09.843 DEBUG (MainThread) [homeassistant.setup] Dependency homekit_controller will wait for dependencies dict_keys(['bluetooth_adapters'])[0m
[32m2026-05-11 23:08:09.881 INFO (SyncWorker_0) [homeassistant.loader] Loaded xiaomi_ble from homeassistant.components.xiaomi_ble[0m
[32m2026-05-11 23:08:09.884 INFO (SyncWorker_4) [homeassistant.loader] Loaded shelly from homeassistant.components.shelly[0m
[32m2026-05-11 23:08:09.954 INFO (SyncWorker_11) [homeassistant.loader] Loaded oralb from homeassistant.components.oralb[0m
[32m2026-05-11 23:08:10.047 INFO (SyncWorker_9) [homeassistant.loader] Loaded led_ble from homeassistant.components.led_ble[0m
[32m2026-05-11 23:08:10.049 INFO (SyncWorker_7) [homeassistant.loader] Loaded ruuvi_gateway from homeassistant.components.ruuvi_gateway[0m
[32m2026-05-11 23:08:10.081 INFO (SyncWorker_6) [homeassistant.loader] Loaded apple_tv from homeassistant.components.apple_tv[0m
[32m2026-05-11 23:08:10.121 INFO (SyncWorker_3) [homeassistant.loader] Loaded androidtv_remote from homeassistant.components.androidtv_remote[0m
[36m2026-05-11 23:08:10.221 DEBUG (MainThread) [homeassistant.loader] Importing platforms for yeelight executor=['config_flow'] loop=[] took 0.35s[0m
[36m2026-05-11 23:08:10.225 DEBUG (MainThread) [homeassistant.loader] Component bluetooth_adapters import took 0.139 seconds (loaded_executor=True)[0m
[32m2026-05-11 23:08:10.225 INFO (MainThread) [homeassistant.setup] Setting up bluetooth_adapters[0m
[32m2026-05-11 23:08:10.230 INFO (SyncWorker_11) [homeassistant.loader] Loaded thread from homeassistant.components.thread[0m
[36m2026-05-11 23:08:11.265 DEBUG (MainThread) [homeassistant.loader] Importing platforms for homekit_controller executor=['config_flow'] loop=[] took 1.03s[0m
[31m2026-05-11 23:08:45.432 ERROR (MainThread) [homeassistant.components.mqtt.number] Invalid value for number.lichilnik_elektrika_under_voltage_threshold: 75 (range 76.0 - 240.0)[0m
[31m2026-05-11 23:08:45.434 ERROR (MainThread) [homeassistant.components.mqtt.number] Invalid value for number.lichilnik_elektrika_over_current_threshold: 65 (range 1.0 - 64.0)[0m
[31m2026-05-11 23:09:01.599 ERROR (MainThread) [homeassistant.components.mqtt.number] Invalid value for number.lichilnik_elektrika_under_voltage_threshold: 75 (range 76.0 - 240.0)[0m
[31m2026-05-11 23:09:01.600 ERROR (MainThread) [homeassistant.components.mqtt.number] Invalid value for number.lichilnik_elektrika_over_current_threshold: 65 (range 1.0 - 64.0)[0m
[31m2026-05-11 23:09:17.966 ERROR (MainThread) [homeassistant.components.mqtt.number] Invalid value for number.lichilnik_elektrika_under_voltage_threshold: 75 (range 76.0 - 240.0)[0m
[31m2026-05-11 23:09:17.967 ERROR (MainThread) [homeassistant.components.mqtt.number] Invalid value for number.lichilnik_elektrika_over_current_threshold: 65 (range 1.0 - 64.0)[0m
[31m2026-05-11 23:10:05.879 ERROR (MainThread) [homeassistant.components.mqtt.number] Invalid value for number.lichilnik_elektrika_under_voltage_threshold: 75 (range 76.0 - 240.0)[0m
[31m2026-05-11 23:10:05.879 ERROR (MainThread) [homeassistant.components.mqtt.number] Invalid value for number.lichilnik_elektrika_over_current_threshold: 65 (range 1.0 - 64.0)[0m
[31m2026-05-11 23:10:05.924 ERROR (MainThread) [homeassistant.components.mqtt.number] Invalid value for number.lichilnik_elektrika_under_voltage_threshold: 75 (range 76.0 - 240.0)[0m
[31m2026-05-11 23:10:05.925 ERROR (MainThread) [homeassistant.components.mqtt.number] Invalid value for number.lichilnik_elektrika_over_current_threshold: 65 (range 1.0 - 64.0)[0m
[31m2026-05-11 23:10:05.972 ERROR (MainThread) [homeassistant.components.mqtt.number] Invalid value for number.lichilnik_elektrika_under_voltage_threshold: 75 (range 76.0 - 240.0)[0m
[31m2026-05-11 23:10:05.972 ERROR (MainThread) [homeassistant.components.mqtt.number] Invalid value for number.lichilnik_elektrika_over_current_threshold: 65 (range 1.0 - 64.0)[0m
[31m2026-05-11 23:10:08.361 ERROR (MainThread) [homeassistant.components.mqtt.number] Invalid value for number.lichilnik_elektrika_under_voltage_threshold: 75 (range 76.0 - 240.0)[0m
[31m2026-05-11 23:10:08.363 ERROR (MainThread) [homeassistant.components.mqtt.number] Invalid value for number.lichilnik_elektrika_over_current_threshold: 65 (range 1.0 - 64.0)[0m
